 [warning] Removed disallowed AI output URL: https://cloud.ibm.com/docs/solution-tutorials?topic=solution-tutorials-lamp-stack-on-vpc
 [warning] Removed disallowed AI output URL: https://www.ibm.com/topics/lamp-stack
 [warning] Removed disallowed AI output URL: https://www.ibm.com/topics/containers
 [warning] Removed disallowed AI output URL: https://www.ibm.com/topics/kubernetes
 [warning] Removed disallowed AI output URL: https://www.ibm.com/account/reg/signup?formid=urx-52060
 [warning] Removed disallowed AI output URL: https://www.ibm.com/products/cloud-pak-for-business-automation/content-services
 [warning] Removed disallowed AI output URL: https://www.ibm.com/products/filenet-content-manager
 [warning] Removed disallowed AI output URL: https://www.ibm.com/products/enterprise-records
 [warning] Removed disallowed AI output URL: https://www.ibm.com/consulting/hybrid-by-design
 [warning] Removed disallowed AI output URL: https://www.ibm.com/products/cloud-pak-for-business-automation/content-services
 [warning] Removed disallowed AI output URL: https://www.ibm.com/products/content-manager
 [warning] Removed disallowed AI output URL: https://www.ibm.com/products/ecm-system-monitor
 [warning] Removed disallowed AI output URL: https://www.ibm.com/solutions/enterprise-content-management
 [warning] Removed disallowed AI output URL: https://www.ibm.com/account/reg/signup?formid=urx-45706
  bench_6_agent_autonomous     medium  r1   completed  wall= 127.55s pipeline=317
 [warning] Removed disallowed AI output URL: https://en.wikipedia.org/wiki/Free_and_open-source
 [warning] Removed disallowed AI output URL: https://en.wikipedia.org/wiki/Content_management_system
 [warning] Removed disallowed AI output URL: https://en.wikipedia.org/wiki/PHP
 [warning] Removed disallowed AI output URL: https://en.wikipedia.org/wiki/GNU_General_Public_License
 [warning] Removed disallowed AI output URL: https://en.wikipedia.org/wiki/Front_and_back_ends
 [warning] Removed disallowed AI output URL: https://en.wikipedia.org/wiki/World_Wide_Web
 [warning] Removed disallowed AI output URL: https://en.wikipedia.org/wiki/Blog
 [warning] Removed disallowed AI output URL: https://en.wikipedia.org/wiki/Knowledge_management
 [warning] Removed disallowed AI output URL: https://en.wikipedia.org/wiki/Content_management_system
 [warning] Removed disallowed AI output URL: https://en.wikipedia.org/wiki/RSS
 [warning] Removed disallowed AI output URL: https://en.wikipedia.org/wiki/Internet_forum
 [warning] Removed disallowed AI output URL: https://en.wikipedia.org/wiki/User-generated_content
 [warning] Removed disallowed AI output URL: https://en.wikipedia.org/wiki/Web_application_framework
 [warning] Removed disallowed AI output URL: https://en.wikipedia.org/wiki/Web_application_framework#Features
 [warning] Removed disallowed AI output URL: https://en.wikipedia.org/wiki/Application_programming_interface
 [warning] Removed disallowed AI output URL: https://en.wikipedia.org/wiki/Computing_platform
 [warning] Removed disallowed AI output URL: https://en.wikipedia.org/wiki/Web_server
 [warning] Removed disallowed AI output URL: https://en.wikipedia.org/wiki/Database
 [warning] Removed disallowed AI output URL: https://en.wikipedia.org/wiki/Sovereign_Tech_Fund
 [warning] Removed disallowed AI output URL: https://en.wikipedia.org/wiki/Digital_public_goods
 [warning] Removed disallowed AI output URL: https://en.wikipedia.org/wiki/Dries_Buytaert
 [warning] Removed disallowed AI output URL: https://en.wikipedia.org/wiki/Internet_forum
 [warning] Removed disallowed AI output URL: https://en.wikipedia.org/wiki/University_of_Antwerp
 [warning] Removed disallowed AI output URL: https://en.wikipedia.org/wiki/Ghent_University
 [warning] Removed disallowed AI output URL: https://en.wikipedia.org/wiki/Dutch_language
 [warning] Removed disallowed AI output URL: https://en.wikipedia.org/wiki/Open-source_software
 [warning] Removed disallowed AI output URL: https://en.wikipedia.org/wiki/Howard_Dean
 [warning] Removed disallowed AI output URL: https://en.wikipedia.org/wiki/Democratic_Party_(United_States)
 [warning] Removed disallowed AI output URL: https://en.wikipedia.org/wiki/2004_United_States_presidential_election
 [warning] Removed disallowed AI output URL: https://en.wikipedia.org/wiki/Packt
 [warning] Removed disallowed AI output URL: https://en.wikipedia.org/wiki/Code_freeze
 [warning] Removed disallowed AI output URL: https://en.wikipedia.org/wiki/Symfony
 [warning] Removed disallowed AI output URL: https://en.wikipedia.org/wiki/Twig_(template_engine)
 [warning] Removed disallowed AI output URL: https://en.wikipedia.org/wiki/Composer_(software)
 [warning] Removed disallowed AI output URL: https://en.wikipedia.org/wiki/Headless_content_management_system
 [warning] Removed disallowed AI output URL: https://en.wikipedia.org/wiki/United_Nations
 [warning] Removed disallowed AI output URL: https://en.wikipedia.org/wiki/Digital_public_goods
 [warning] Removed disallowed AI output URL: https://en.wikipedia.org/wiki/Symfony
 [warning] Removed disallowed AI output URL: https://en.wikipedia.org/wiki/Taxonomy_(general)
 [warning] Removed disallowed AI output URL: https://en.wikipedia.org/wiki/Tag_(metadata)
 [warning] Removed disallowed AI output URL: https://en.wikipedia.org/wiki/Dries_Buytaert
 [warning] Removed disallowed AI output URL: https://en.wikipedia.org/wiki/Artificial_intelligence
 [warning] Removed disallowed AI output URL: https://en.wikipedia.org/wiki/Arabic_language
 [warning] Removed disallowed AI output URL: https://en.wikipedia.org/wiki/Persian_language
 [warning] Removed disallowed AI output URL: https://en.wikipedia.org/wiki/Hebrew_language
 [warning] Removed disallowed AI output URL: https://en.wikipedia.org/wiki/Gettext
 [warning] Removed disallowed AI output URL: https://en.wikipedia.org/wiki/Internationalization_and_localization
 [warning] Removed disallowed AI output URL: https://en.wikipedia.org/wiki/Drush
 [warning] Removed disallowed AI output URL: https://en.wikipedia.org/wiki/PHP_Data_Objects
 [warning] Removed disallowed AI output URL: https://en.wikipedia.org/wiki/Microsoft
 [warning] Removed disallowed AI output URL: https://en.wikipedia.org/wiki/Microsoft_SQL_Server
 [warning] Removed disallowed AI output URL: https://en.wikipedia.org/wiki/SQLite
 [warning] Removed disallowed AI output URL: https://en.wikipedia.org/wiki/Internet_Information_Services
 [warning] Removed disallowed AI output URL: https://en.wikipedia.org/wiki/Web_accessibility
 [warning] Removed disallowed AI output URL: https://en.wikipedia.org/wiki/Authoring_Tool_Accessibility_Guidelines
 [warning] Removed disallowed AI output URL: https://en.wikipedia.org/wiki/Rich_web_applications
 [warning] Removed disallowed AI output URL: https://en.wikipedia.org/wiki/WAI-ARIA
 [warning] Removed disallowed AI output URL: https://en.wikipedia.org/wiki/Drag_and_drop
 [warning] Removed disallowed AI output URL: https://en.wikipedia.org/wiki/Modular_programming
 [warning] Removed disallowed AI output URL: https://en.wikipedia.org/wiki/Hooking
 [warning] Removed disallowed AI output URL: https://en.wikipedia.org/wiki/Callback_(computer_programming)
 [warning] Removed disallowed AI output URL: https://en.wikipedia.org/wiki/API
 [warning] Removed disallowed AI output URL: https://en.wikipedia.org/wiki/WYSIWYG
 [warning] Removed disallowed AI output URL: https://en.wikipedia.org/wiki/Modular_programming
 [warning] Removed disallowed AI output URL: https://en.wikipedia.org/wiki/Theme_(computing)
 [warning] Removed disallowed AI output URL: https://en.wikipedia.org/wiki/PHP
 [warning] Removed disallowed AI output URL: https://en.wikipedia.org/wiki/Twig_(template_engine)
 [warning] Removed disallowed AI output URL: https://en.wikipedia.org/wiki/Template_engine_(web)
 [warning] Removed disallowed AI output URL: https://en.wikipedia.org/wiki/HTML
 [warning] Removed disallowed AI output URL: https://en.wikipedia.org/wiki/CSS
 [warning] Removed disallowed AI output URL: https://en.wikipedia.org/wiki/GNU_General_Public_License
 [warning] Removed disallowed AI output URL: https://en.wikipedia.org/wiki/Online_store
 [warning] Removed disallowed AI output URL: https://en.wikipedia.org/wiki/Presentation_Abstraction_Control
 [warning] Removed disallowed AI output URL: https://en.wikipedia.org/wiki/Hypertext_Transfer_Protocol#HTTP_GET
 [warning] Removed disallowed AI output URL: https://en.wikipedia.org/wiki/POST_(HTTP)
 [warning] Removed disallowed AI output URL: https://en.wikipedia.org/wiki/Community
 [warning] Removed disallowed AI output URL: https://en.wikipedia.org/wiki/Szeged
 [warning] Removed disallowed AI output URL: https://en.wikipedia.org/wiki/Meeting
 [warning] Removed disallowed AI output URL: https://en.wikipedia.org/wiki/SQL_injection
 [warning] Removed disallowed AI output URL: https://en.wikipedia.org/wiki/Backdoor_(computing)
 [warning] Removed disallowed AI output URL: https://en.wikipedia.org/wiki/Exploit_(computer_security)
  bench_6_agent_autonomous     large   r1   completed  wall= 555.02s pipeline=318
appended to /var/www/html/scratchpad/bench/results/runs.jsonl
