writing to /var/www/html/scratchpad/bench/results

=== repetition 1/1 ===
  bench_1_reference        small r1  completed     0.6s   0 calls  in=0       out=0      $0.00000
 [warning] Removed disallowed AI output URL: https://www.drupal.org/sites/all/themes/bluecheese/images/drupal_meta_image.png
 [warning] Removed disallowed AI output URL: https://www.drupal.org/about
 [warning] Removed disallowed AI output URL: https://www.drupal.org/node/2603760
 [warning] Removed disallowed AI output URL: https://www.drupal.org/about
 [warning] Removed disallowed AI output URL: https://www.drupal.org/terms
 [warning] Removed disallowed AI output URL: https://www.drupal.org/about/overview/technical
 [warning] Removed disallowed AI output URL: https://www.drupal.org/about/overview/technical
 [warning] Removed disallowed AI output URL: https://new.drupal.org/drupal-cms
 [warning] Removed disallowed AI output URL: https://new.drupal.org/ai
 [warning] Removed disallowed AI output URL: https://www.drupal.org/case-studies
 [warning] Removed disallowed AI output URL: https://www.drupal.org/industries/government
 [warning] Removed disallowed AI output URL: https://www.drupal.org/industries/education
 [warning] Removed disallowed AI output URL: https://www.drupal.org/industries/nonprofit
 [warning] Removed disallowed AI output URL: https://www.drupal.org/industries/ecommerce
 [warning] Removed disallowed AI output URL: https://www.drupal.org/industries/fintech
 [warning] Removed disallowed AI output URL: https://www.drupal.org/industries/healthcare
 [warning] Removed disallowed AI output URL: https://new.drupal.org/industries/enterprise
 [warning] Removed disallowed AI output URL: https://new.drupal.org/industries/retail
 [warning] Removed disallowed AI output URL: https://new.drupal.org/industries/travel
 [warning] Removed disallowed AI output URL: https://www.drupal.org/docs/official_docs/local-development-guide
 [warning] Removed disallowed AI output URL: https://www.drupal.org/docs/getting-started
 [warning] Removed disallowed AI output URL: https://www.drupal.org/docs/official_docs/local-development-guide
 [warning] Removed disallowed AI output URL: https://www.drupal.org/developers
 [warning] Removed disallowed AI output URL: https://new.drupal.org/docs/drupal-cms
 [warning] Removed disallowed AI output URL: https://www.drupal.org/docs/user_guide/en/index.html
 [warning] Removed disallowed AI output URL: https://api.drupal.org/api/drupal/11.x
 [warning] Removed disallowed AI output URL: https://www.drupal.org/project/modules
 [warning] Removed disallowed AI output URL: https://www.drupal.org/project/themes
 [warning] Removed disallowed AI output URL: https://www.drupal.org/browse/recipes
 [warning] Removed disallowed AI output URL: https://new.drupal.org/browse/site-templates
 [warning] Removed disallowed AI output URL: https://www.drupal.org/drupal-services
 [warning] Removed disallowed AI output URL: https://www.drupal.org/drupal-services
 [warning] Removed disallowed AI output URL: https://new.drupal.org/association/become-a-drupal-certified-partner
 [warning] Removed disallowed AI output URL: https://www.drupal.org/hosting
 [warning] Removed disallowed AI output URL: https://www.drupal.org/about/drupal-7/d7eol/migration-resource-center/enterprise
 [warning] Removed disallowed AI output URL: https://www.drupal.org/training
 [warning] Removed disallowed AI output URL: https://www.drupal.org/steward
 [warning] Removed disallowed AI output URL: https://www.drupal.org/community
 [warning] Removed disallowed AI output URL: https://www.drupal.org/community
 [warning] Removed disallowed AI output URL: https://www.drupal.org/community/contributor-guide
 [warning] Removed disallowed AI output URL: https://events.drupal.org/
 [warning] Removed disallowed AI output URL: https://www.drupal.org/community/events
 [warning] Removed disallowed AI output URL: https://jobs.drupal.org/home
 [warning] Removed disallowed AI output URL: https://www.drupal.org/blog
 [warning] Removed disallowed AI output URL: https://www.drupal.org/forum
 [warning] Removed disallowed AI output URL: https://www.drupal.org/subscribe
 [warning] Removed disallowed AI output URL: https://www.drupal.org/swag
 [warning] Removed disallowed AI output URL: https://www.drupal.org/sustaining-members 
 [warning] Removed disallowed AI output URL: https://www.drupal.org/swag?utm_source=drupalorg&utm_medium=banner&utm_campaign=drupal_swag_shop_2020_09_17
 [warning] Removed disallowed AI output URL: https://new.drupal.org/drupal-cms/trial
 [warning] Removed disallowed AI output URL: https://www.drupal.org/sites/all/themes/bluecheese/images/icon-w-user.svg
 [warning] Removed disallowed AI output URL: https://www.drupal.org/sites/all/modules/drupalorg/drupalorg/images/drupal-wordmark-062025.svg
 [warning] Removed disallowed AI output URL: https://www.drupal.org/files/styles/grid-2-2x-square/public/announcements/da-icon.png?itok=Uj8MTnv2
 [warning] Removed disallowed AI output URL: https://forms.gle/BBiuni3o1KgUN9pMA
 [warning] Removed disallowed AI output URL: https://www.drupal.org/about/11
 [warning] Removed disallowed AI output URL: http://www.gnu.org/copyleft/gpl.html
 [warning] Removed disallowed AI output URL: https://twitter.com/intent/tweet?text=Drupal's%20the%20content%20management%20system%20behind%20many%20of%20the%20digital%20experiences%20you%20love.%20And%20it%20will%20always%20be%20free.%20https://www.drupal.org/about
 [warning] Removed disallowed AI output URL: https://twitter.com/intent/tweet?text=Drupal's%20the%20content%20management%20system%20behind%20many%20of%20the%20digital%20experiences%20you%20love.%20And%20it%20will%20always%20be%20free.%20https://www.drupal.org/about
 [warning] Removed disallowed AI output URL: https://digital.gov/resources/content-management-systems-used-by-government-agencies/
 [warning] Removed disallowed AI output URL: https://www.london.gov.uk/
 [warning] Removed disallowed AI output URL: http://www.gouvernement.fr/
 [warning] Removed disallowed AI output URL: http://www.bbc.com/
 [warning] Removed disallowed AI output URL: http://www.nbc.com/
 [warning] Removed disallowed AI output URL: http://www.mtv.co.uk/
 [warning] Removed disallowed AI output URL: http://www.amnesty.org/
 [warning] Removed disallowed AI output URL: http://www.ox.ac.uk/
 [warning] Removed disallowed AI output URL: https://www.drupal.org/case-studies
 [warning] Removed disallowed AI output URL: http://localize.drupal.org/
 [warning] Removed disallowed AI output URL: https://jobs.drupal.org/
 [warning] Removed disallowed AI output URL: https://www.tag1.com/?utm_source=DA&utm_medium=referral&utm_campaign=drupal-org-footer
 [warning] Removed disallowed AI output URL: https://www.drupal.org/news
 [warning] Removed disallowed AI output URL: https://www.drupal.org/planet
 [warning] Removed disallowed AI output URL: https://www.drupal.org/about/media-kit/social-media
 [warning] Removed disallowed AI output URL: https://www.drupal.org/subscribe
 [warning] Removed disallowed AI output URL: https://www.drupal.org/security
 [warning] Removed disallowed AI output URL: https://jobs.drupal.org/
 [warning] Removed disallowed AI output URL: https://www.drupal.org/community
 [warning] Removed disallowed AI output URL: https://www.drupal.org/drupal-services
 [warning] Removed disallowed AI output URL: https://www.drupal.org/training
 [warning] Removed disallowed AI output URL: https://www.drupal.org/hosting
 [warning] Removed disallowed AI output URL: https://www.drupal.org/community/contributor-guide
 [warning] Removed disallowed AI output URL: https://groups.drupal.org/groups
 [warning] Removed disallowed AI output URL: https://events.drupal.org
 [warning] Removed disallowed AI output URL: https://www.drupal.org/dcoc
 [warning] Removed disallowed AI output URL: https://www.drupal.org/documentation
 [warning] Removed disallowed AI output URL: https://www.drupal.org/docs
 [warning] Removed disallowed AI output URL: https://www.drupal.org/docs/user_guide/en/index.html
 [warning] Removed disallowed AI output URL: https://www.drupal.org/documentation/develop
 [warning] Removed disallowed AI output URL: https://api.drupal.org/
 [warning] Removed disallowed AI output URL: https://www.drupal.org/download
 [warning] Removed disallowed AI output URL: https://www.drupal.org/project/drupal
 [warning] Removed disallowed AI output URL: https://www.drupal.org/project/project_module
 [warning] Removed disallowed AI output URL: https://www.drupal.org/project/project_theme
 [warning] Removed disallowed AI output URL: https://www.drupal.org/project/project_distribution
 [warning] Removed disallowed AI output URL: https://www.drupal.org/about
 [warning] Removed disallowed AI output URL: https://www.drupal.org/about/features/accessibility
 [warning] Removed disallowed AI output URL: https://www.drupal.org/association
 [warning] Removed disallowed AI output URL: https://www.drupal.org/drupalorg
 [warning] Removed disallowed AI output URL: https://www.drupal.org/terms
 [warning] Removed disallowed AI output URL: https://www.drupal.org/privacy
 [warning] Removed disallowed AI output URL: https://dri.es
  bench_2_raw_html_llm     small r1  completed   253.0s   1 calls  in=13671   out=13616  $0.24525
 [warning] Removed disallowed Markdown image with URL: https://www.drupal.org/sites/all/themes/bluecheese/images/icon-w-user.svg
 [warning] Removed disallowed Markdown image with URL: https://www.drupal.org/sites/all/modules/drupalorg/drupalorg/images/drupal-wordmark-062025.svg
 [warning] Removed disallowed Markdown image with URL: https://www.drupal.org/files/styles/grid-2-2x-square/public/announcements/da-icon.png?itok=Uj8MTnv2
 [warning] Removed disallowed Markdown link with URL: https://www.drupal.org/terms
 [warning] Removed disallowed Markdown link with URL: https://www.drupal.org/about/overview/technical
 [warning] Removed disallowed Markdown link with URL: https://www.drupal.org/about/overview/technical
 [warning] Removed disallowed Markdown link with URL: https://new.drupal.org/drupal-cms
 [warning] Removed disallowed Markdown link with URL: https://new.drupal.org/ai
 [warning] Removed disallowed Markdown link with URL: https://www.drupal.org/case-studies
 [warning] Removed disallowed Markdown link with URL: https://www.drupal.org/industries/government
 [warning] Removed disallowed Markdown link with URL: https://www.drupal.org/industries/education
 [warning] Removed disallowed Markdown link with URL: https://www.drupal.org/industries/nonprofit
 [warning] Removed disallowed Markdown link with URL: https://www.drupal.org/industries/ecommerce
 [warning] Removed disallowed Markdown link with URL: https://www.drupal.org/industries/fintech
 [warning] Removed disallowed Markdown link with URL: https://www.drupal.org/industries/healthcare
 [warning] Removed disallowed Markdown link with URL: https://new.drupal.org/industries/enterprise
 [warning] Removed disallowed Markdown link with URL: https://new.drupal.org/industries/retail
 [warning] Removed disallowed Markdown link with URL: https://new.drupal.org/industries/travel
 [warning] Removed disallowed Markdown link with URL: https://www.drupal.org/docs/official_docs/local-development-guide
 [warning] Removed disallowed Markdown link with URL: https://www.drupal.org/docs/getting-started
 [warning] Removed disallowed Markdown link with URL: https://www.drupal.org/docs/official_docs/local-development-guide
 [warning] Removed disallowed Markdown link with URL: https://www.drupal.org/developers
 [warning] Removed disallowed Markdown link with URL: https://new.drupal.org/docs/drupal-cms
 [warning] Removed disallowed Markdown link with URL: https://www.drupal.org/docs/user_guide/en/index.html
 [warning] Removed disallowed Markdown link with URL: https://api.drupal.org/api/drupal/11.x
 [warning] Removed disallowed Markdown link with URL: https://www.drupal.org/project/modules
 [warning] Removed disallowed Markdown link with URL: https://www.drupal.org/project/themes
 [warning] Removed disallowed Markdown link with URL: https://www.drupal.org/browse/recipes
 [warning] Removed disallowed Markdown link with URL: https://new.drupal.org/browse/site-templates
 [warning] Removed disallowed Markdown link with URL: https://www.drupal.org/drupal-services
 [warning] Removed disallowed Markdown link with URL: https://www.drupal.org/drupal-services
 [warning] Removed disallowed Markdown link with URL: https://new.drupal.org/association/become-a-drupal-certified-partner
 [warning] Removed disallowed Markdown link with URL: https://www.drupal.org/hosting
 [warning] Removed disallowed Markdown link with URL: https://www.drupal.org/about/drupal-7/d7eol/migration-resource-center/enterprise
 [warning] Removed disallowed Markdown link with URL: https://www.drupal.org/training
 [warning] Removed disallowed Markdown link with URL: https://www.drupal.org/steward
 [warning] Removed disallowed Markdown link with URL: https://www.drupal.org/community
 [warning] Removed disallowed Markdown link with URL: https://www.drupal.org/community
 [warning] Removed disallowed Markdown link with URL: https://www.drupal.org/community/contributor-guide
 [warning] Removed disallowed Markdown link with URL: https://events.drupal.org/
 [warning] Removed disallowed Markdown link with URL: https://www.drupal.org/community/events
 [warning] Removed disallowed Markdown link with URL: https://jobs.drupal.org/home
 [warning] Removed disallowed Markdown link with URL: https://www.drupal.org/blog
 [warning] Removed disallowed Markdown link with URL: https://www.drupal.org/forum
 [warning] Removed disallowed Markdown link with URL: https://www.drupal.org/subscribe
 [warning] Removed disallowed Markdown link with URL: https://www.drupal.org/swag
 [warning] Removed disallowed Markdown link with URL: https://www.drupal.org/sustaining-members
 [warning] Removed disallowed Markdown link with URL: https://www.drupal.org/swag?utm_source=drupalorg&utm_medium=banner&utm_campaign=drupal_swag_shop_2020_09_17
 [warning] Removed disallowed Markdown link with URL: https://new.drupal.org/drupal-cms/trial
 [warning] Removed disallowed Markdown link with URL: https://forms.gle/BBiuni3o1KgUN9pMA
 [warning] Removed disallowed Markdown link with URL: https://www.drupal.org/about/11
 [warning] Removed disallowed Markdown link with URL: http://www.gnu.org/copyleft/gpl.html
 [warning] Removed disallowed Markdown link with URL: https://twitter.com/intent/tweet?text=Drupal's%20the%20content%20management%20system%20behind%20many%20of%20the%20digital%20experiences%20you%20love.%20And%20it%20will%20always%20be%20free.%20https://www.drupal.org/about
 [warning] Removed disallowed Markdown link with URL: https://twitter.com/intent/tweet?text=Drupal's%20the%20content%20management%20system%20behind%20many%20of%20the%20digital%20experiences%20you%20love.%20And%20it%20will%20always%20be%20free.%20https://www.drupal.org/about
 [warning] Removed disallowed Markdown link with URL: https://digital.gov/resources/content-management-systems-used-by-government-agencies/
 [warning] Removed disallowed Markdown link with URL: https://www.london.gov.uk/
 [warning] Removed disallowed Markdown link with URL: http://www.gouvernement.fr/
 [warning] Removed disallowed Markdown link with URL: http://www.bbc.com/
 [warning] Removed disallowed Markdown link with URL: http://www.nbc.com/
 [warning] Removed disallowed Markdown link with URL: http://www.mtv.co.uk/
 [warning] Removed disallowed Markdown link with URL: http://www.amnesty.org/
 [warning] Removed disallowed Markdown link with URL: http://www.ox.ac.uk/
 [warning] Removed disallowed Markdown link with URL: https://www.drupal.org/case-studies
 [warning] Removed disallowed Markdown link with URL: http://localize.drupal.org/
 [warning] Removed disallowed Markdown link with URL: https://jobs.drupal.org/
 [warning] Removed disallowed Markdown link with URL: https://www.drupal.org/news
 [warning] Removed disallowed Markdown link with URL: https://www.drupal.org/planet
 [warning] Removed disallowed Markdown link with URL: https://www.drupal.org/about/media-kit/social-media
 [warning] Removed disallowed Markdown link with URL: https://www.drupal.org/subscribe
 [warning] Removed disallowed Markdown link with URL: https://www.drupal.org/security
 [warning] Removed disallowed Markdown link with URL: https://jobs.drupal.org/
 [warning] Removed disallowed Markdown link with URL: https://www.drupal.org/community
 [warning] Removed disallowed Markdown link with URL: https://www.drupal.org/drupal-services
 [warning] Removed disallowed Markdown link with URL: https://www.drupal.org/training
 [warning] Removed disallowed Markdown link with URL: https://www.drupal.org/hosting
 [warning] Removed disallowed Markdown link with URL: https://www.drupal.org/community/contributor-guide
 [warning] Removed disallowed Markdown link with URL: https://groups.drupal.org/groups
 [warning] Removed disallowed Markdown link with URL: https://events.drupal.org
 [warning] Removed disallowed Markdown link with URL: https://www.drupal.org/dcoc
 [warning] Removed disallowed Markdown link with URL: https://www.drupal.org/documentation
 [warning] Removed disallowed Markdown link with URL: https://www.drupal.org/docs
 [warning] Removed disallowed Markdown link with URL: https://www.drupal.org/docs/user_guide/en/index.html
 [warning] Removed disallowed Markdown link with URL: https://www.drupal.org/documentation/develop
 [warning] Removed disallowed Markdown link with URL: https://api.drupal.org/
 [warning] Removed disallowed Markdown link with URL: https://www.drupal.org/download
 [warning] Removed disallowed Markdown link with URL: https://www.drupal.org/project/drupal
 [warning] Removed disallowed Markdown link with URL: https://www.drupal.org/project/project_module
 [warning] Removed disallowed Markdown link with URL: https://www.drupal.org/project/project_theme
 [warning] Removed disallowed Markdown link with URL: https://www.drupal.org/project/project_distribution
 [warning] Removed disallowed Markdown link with URL: https://www.drupal.org/about
 [warning] Removed disallowed Markdown link with URL: https://www.drupal.org/about/features/accessibility
 [warning] Removed disallowed Markdown link with URL: https://www.drupal.org/association
 [warning] Removed disallowed Markdown link with URL: https://www.drupal.org/drupalorg
 [warning] Removed disallowed Markdown link with URL: https://www.drupal.org/terms
 [warning] Removed disallowed Markdown link with URL: https://www.drupal.org/privacy
 [warning] Removed disallowed Markdown link with URL: https://dri.es
  bench_3_markdown_llm     small r1  completed    82.3s   1 calls  in=4916    out=4707   $0.08535
 [warning] Removed disallowed AI output URL: https://www.drupal.org/sites/all/themes/bluecheese/images/drupal_meta_image.png
 [warning] Removed disallowed AI output URL: https://www.drupal.org/about
 [warning] Removed disallowed AI output URL: https://www.drupal.org/node/2603760
 [warning] Removed disallowed AI output URL: https://www.drupal.org/about
 [warning] Removed disallowed AI output URL: https://www.drupal.org/terms
 [warning] Removed disallowed AI output URL: https://www.drupal.org/about/overview/technical
 [warning] Removed disallowed AI output URL: https://www.drupal.org/about/overview/technical
 [warning] Removed disallowed AI output URL: https://new.drupal.org/drupal-cms
 [warning] Removed disallowed AI output URL: https://new.drupal.org/ai
 [warning] Removed disallowed AI output URL: https://www.drupal.org/case-studies
 [warning] Removed disallowed AI output URL: https://www.drupal.org/industries/government
 [warning] Removed disallowed AI output URL: https://www.drupal.org/industries/education
 [warning] Removed disallowed AI output URL: https://www.drupal.org/industries/nonprofit
 [warning] Removed disallowed AI output URL: https://www.drupal.org/industries/ecommerce
 [warning] Removed disallowed AI output URL: https://www.drupal.org/industries/fintech
 [warning] Removed disallowed AI output URL: https://www.drupal.org/industries/healthcare
 [warning] Removed disallowed AI output URL: https://new.drupal.org/industries/enterprise
 [warning] Removed disallowed AI output URL: https://new.drupal.org/industries/retail
 [warning] Removed disallowed AI output URL: https://new.drupal.org/industries/travel
 [warning] Removed disallowed AI output URL: https://www.drupal.org/docs/official_docs/local-development-guide
 [warning] Removed disallowed AI output URL: https://www.drupal.org/docs/getting-started
 [warning] Removed disallowed AI output URL: https://www.drupal.org/docs/official_docs/local-development-guide
 [warning] Removed disallowed AI output URL: https://www.drupal.org/developers
 [warning] Removed disallowed AI output URL: https://new.drupal.org/docs/drupal-cms
 [warning] Removed disallowed AI output URL: https://www.drupal.org/docs/user_guide/en/index.html
 [warning] Removed disallowed AI output URL: https://api.drupal.org/api/drupal/11.x
 [warning] Removed disallowed AI output URL: https://www.drupal.org/project/modules
 [warning] Removed disallowed AI output URL: https://www.drupal.org/project/themes
 [warning] Removed disallowed AI output URL: https://www.drupal.org/browse/recipes
 [warning] Removed disallowed AI output URL: https://new.drupal.org/browse/site-templates
 [warning] Removed disallowed AI output URL: https://www.drupal.org/drupal-services
 [warning] Removed disallowed AI output URL: https://www.drupal.org/drupal-services
 [warning] Removed disallowed AI output URL: https://new.drupal.org/association/become-a-drupal-certified-partner
 [warning] Removed disallowed AI output URL: https://www.drupal.org/hosting
 [warning] Removed disallowed AI output URL: https://www.drupal.org/about/drupal-7/d7eol/migration-resource-center/enterprise
 [warning] Removed disallowed AI output URL: https://www.drupal.org/training
 [warning] Removed disallowed AI output URL: https://www.drupal.org/steward
 [warning] Removed disallowed AI output URL: https://www.drupal.org/community
 [warning] Removed disallowed AI output URL: https://www.drupal.org/community
 [warning] Removed disallowed AI output URL: https://www.drupal.org/community/contributor-guide
 [warning] Removed disallowed AI output URL: https://events.drupal.org/
 [warning] Removed disallowed AI output URL: https://www.drupal.org/community/events
 [warning] Removed disallowed AI output URL: https://jobs.drupal.org/home
 [warning] Removed disallowed AI output URL: https://www.drupal.org/blog
 [warning] Removed disallowed AI output URL: https://www.drupal.org/forum
 [warning] Removed disallowed AI output URL: https://www.drupal.org/subscribe
 [warning] Removed disallowed AI output URL: https://www.drupal.org/swag
 [warning] Removed disallowed AI output URL: https://www.drupal.org/sustaining-members 
 [warning] Removed disallowed AI output URL: https://www.drupal.org/swag?utm_source=drupalorg&utm_medium=banner&utm_campaign=drupal_swag_shop_2020_09_17
 [warning] Removed disallowed AI output URL: https://new.drupal.org/drupal-cms/trial
 [warning] Removed disallowed AI output URL: https://www.drupal.org/sites/all/themes/bluecheese/images/icon-w-user.svg
 [warning] Removed disallowed AI output URL: https://www.drupal.org/sites/all/modules/drupalorg/drupalorg/images/drupal-wordmark-062025.svg
 [warning] Removed disallowed AI output URL: https://www.drupal.org/files/styles/grid-2-2x-square/public/announcements/da-icon.png?itok=Uj8MTnv2
 [warning] Removed disallowed AI output URL: https://forms.gle/BBiuni3o1KgUN9pMA
 [warning] Removed disallowed AI output URL: https://www.drupal.org/about/11
 [warning] Removed disallowed AI output URL: http://www.gnu.org/copyleft/gpl.html
 [warning] Removed disallowed AI output URL: https://twitter.com/intent/tweet?text=Drupal's%20the%20content%20management%20system%20behind%20many%20of%20the%20digital%20experiences%20you%20love.%20And%20it%20will%20always%20be%20free.%20https://www.drupal.org/about
 [warning] Removed disallowed AI output URL: https://twitter.com/intent/tweet?text=Drupal's%20the%20content%20management%20system%20behind%20many%20of%20the%20digital%20experiences%20you%20love.%20And%20it%20will%20always%20be%20free.%20https://www.drupal.org/about
 [warning] Removed disallowed AI output URL: https://digital.gov/resources/content-management-systems-used-by-government-agencies/
 [warning] Removed disallowed AI output URL: https://www.london.gov.uk/
 [warning] Removed disallowed AI output URL: http://www.gouvernement.fr/
 [warning] Removed disallowed AI output URL: http://www.bbc.com/
 [warning] Removed disallowed AI output URL: http://www.nbc.com/
 [warning] Removed disallowed AI output URL: http://www.mtv.co.uk/
 [warning] Removed disallowed AI output URL: http://www.amnesty.org/
 [warning] Removed disallowed AI output URL: http://www.ox.ac.uk/
 [warning] Removed disallowed AI output URL: https://www.drupal.org/case-studies
 [warning] Removed disallowed AI output URL: http://localize.drupal.org/
 [warning] Removed disallowed AI output URL: https://jobs.drupal.org/
 [warning] Removed disallowed AI output URL: https://www.tag1.com/?utm_source=DA&utm_medium=referral&utm_campaign=drupal-org-footer
 [warning] Removed disallowed AI output URL: https://www.drupal.org/news
 [warning] Removed disallowed AI output URL: https://www.drupal.org/planet
 [warning] Removed disallowed AI output URL: https://www.drupal.org/about/media-kit/social-media
 [warning] Removed disallowed AI output URL: https://www.drupal.org/subscribe
 [warning] Removed disallowed AI output URL: https://www.drupal.org/security
 [warning] Removed disallowed AI output URL: https://jobs.drupal.org/
 [warning] Removed disallowed AI output URL: https://www.drupal.org/community
 [warning] Removed disallowed AI output URL: https://www.drupal.org/drupal-services
 [warning] Removed disallowed AI output URL: https://www.drupal.org/training
 [warning] Removed disallowed AI output URL: https://www.drupal.org/hosting
 [warning] Removed disallowed AI output URL: https://www.drupal.org/community/contributor-guide
 [warning] Removed disallowed AI output URL: https://groups.drupal.org/groups
 [warning] Removed disallowed AI output URL: https://events.drupal.org
 [warning] Removed disallowed AI output URL: https://www.drupal.org/dcoc
 [warning] Removed disallowed AI output URL: https://www.drupal.org/documentation
 [warning] Removed disallowed AI output URL: https://www.drupal.org/docs
 [warning] Removed disallowed AI output URL: https://www.drupal.org/docs/user_guide/en/index.html
 [warning] Removed disallowed AI output URL: https://www.drupal.org/documentation/develop
 [warning] Removed disallowed AI output URL: https://api.drupal.org/
 [warning] Removed disallowed AI output URL: https://www.drupal.org/download
 [warning] Removed disallowed AI output URL: https://www.drupal.org/project/drupal
 [warning] Removed disallowed AI output URL: https://www.drupal.org/project/project_module
 [warning] Removed disallowed AI output URL: https://www.drupal.org/project/project_theme
 [warning] Removed disallowed AI output URL: https://www.drupal.org/project/project_distribution
 [warning] Removed disallowed AI output URL: https://www.drupal.org/about
 [warning] Removed disallowed AI output URL: https://www.drupal.org/about/features/accessibility
 [warning] Removed disallowed AI output URL: https://www.drupal.org/association
 [warning] Removed disallowed AI output URL: https://www.drupal.org/drupalorg
 [warning] Removed disallowed AI output URL: https://www.drupal.org/terms
 [warning] Removed disallowed AI output URL: https://www.drupal.org/privacy
 [warning] Removed disallowed AI output URL: https://dri.es
  bench_4_ai_agent_tool    small r1  completed   224.6s   2 calls  in=40096   out=13219  $0.31857
 [warning] Cross-iteration data read on pipeline 231: job 2287 (node message_assemble.1, iteration 1) is satisfied by source node conversation_buffer.4 (job 2282, iteration 0) — an OLDER iteration than the consumer. Delivery is not gated (BR-6); logged for observability only.
 [warning] Removed disallowed AI output URL: https://www.drupal.org/about/11
 [warning] Removed disallowed AI output URL: http://www.gnu.org/copyleft/gpl.html
 [warning] Removed disallowed AI output URL: https://twitter.com/intent/tweet?text=Drupal%E2%80%99s%20the%20content%20management%20system%20behind%20many%20of%20the%20digital%20experiences%20you%20love.%20And%20it%20will%20always%20be%20free.%20https://www.drupal.org/about
 [warning] Removed disallowed AI output URL: https://twitter.com/intent/tweet?text=Drupal%E2%80%99s%20the%20content%20management%20system%20behind%20many%20of%20the%20digital%20experiences%20you%20love.%20And%20it%20will%20always%20be%20free.%20https://www.drupal.org/about
 [warning] Removed disallowed AI output URL: https://digital.gov/resources/content-management-systems-used-by-government-agencies/
 [warning] Removed disallowed AI output URL: https://www.london.gov.uk/
 [warning] Removed disallowed AI output URL: http://www.gouvernement.fr/
 [warning] Removed disallowed AI output URL: http://www.bbc.com/
 [warning] Removed disallowed AI output URL: http://www.nbc.com/
 [warning] Removed disallowed AI output URL: http://www.mtv.co.uk/
 [warning] Removed disallowed AI output URL: http://www.amnesty.org/
 [warning] Removed disallowed AI output URL: http://www.ox.ac.uk/
 [warning] Removed disallowed AI output URL: https://www.drupal.org/case-studies
 [warning] Removed disallowed AI output URL: http://localize.drupal.org/
 [warning] Removed disallowed AI output URL: https://jobs.drupal.org/
 [warning] Removed disallowed AI output URL: https://www.tag1.com/?utm_source=DA&utm_medium=referral&utm_campaign=drupal-org-footer
 [warning] Removed disallowed AI output URL: https://www.drupal.org/news
 [warning] Removed disallowed AI output URL: https://www.drupal.org/planet
 [warning] Removed disallowed AI output URL: https://www.drupal.org/about/media-kit/social-media
 [warning] Removed disallowed AI output URL: https://www.drupal.org/subscribe
 [warning] Removed disallowed AI output URL: https://www.drupal.org/security
 [warning] Removed disallowed AI output URL: https://jobs.drupal.org/
 [warning] Removed disallowed AI output URL: https://www.drupal.org/community
 [warning] Removed disallowed AI output URL: https://www.drupal.org/drupal-services
 [warning] Removed disallowed AI output URL: https://www.drupal.org/training
 [warning] Removed disallowed AI output URL: https://www.drupal.org/hosting
 [warning] Removed disallowed AI output URL: https://www.drupal.org/community/contributor-guide
 [warning] Removed disallowed AI output URL: https://groups.drupal.org/groups
 [warning] Removed disallowed AI output URL: https://events.drupal.org
 [warning] Removed disallowed AI output URL: https://www.drupal.org/dcoc
 [warning] Removed disallowed AI output URL: https://www.drupal.org/documentation
 [warning] Removed disallowed AI output URL: https://www.drupal.org/docs
 [warning] Removed disallowed AI output URL: https://www.drupal.org/docs/user_guide/en/index.html
 [warning] Removed disallowed AI output URL: https://www.drupal.org/documentation/develop
 [warning] Removed disallowed AI output URL: https://api.drupal.org/
 [warning] Removed disallowed AI output URL: https://www.drupal.org/download
 [warning] Removed disallowed AI output URL: https://www.drupal.org/project/drupal
 [warning] Removed disallowed AI output URL: https://www.drupal.org/project/project_module
 [warning] Removed disallowed AI output URL: https://www.drupal.org/project/project_theme
 [warning] Removed disallowed AI output URL: https://www.drupal.org/project/project_distribution
 [warning] Removed disallowed AI output URL: https://www.drupal.org/about
 [warning] Removed disallowed AI output URL: https://www.drupal.org/about/features/accessibility
 [warning] Removed disallowed AI output URL: https://www.drupal.org/association
 [warning] Removed disallowed AI output URL: https://www.drupal.org/drupalorg
 [warning] Removed disallowed AI output URL: https://www.drupal.org/terms
 [warning] Removed disallowed AI output URL: https://www.drupal.org/privacy
 [warning] Removed disallowed AI output URL: https://dries.be
 [warning] Cross-iteration data read on pipeline 231: job 2300 (node message_assemble.1, iteration 2) is satisfied by source node conversation_buffer.4 (job 2282, iteration 0) — an OLDER iteration than the consumer. Delivery is not gated (BR-6); logged for observability only.
  bench_5_react_agent      small r1  completed   106.9s   3 calls  in=38400   out=5735   $0.20122
 [warning] Cross-iteration data read on pipeline 234: job 2319 (node message_assemble.1, iteration 1) is satisfied by source node conversation_buffer.4 (job 2314, iteration 0) — an OLDER iteration than the consumer. Delivery is not gated (BR-6); logged for observability only.
 [warning] Removed disallowed AI output URL: http://www.gnu.org/copyleft/gpl.html
 [warning] Removed disallowed AI output URL: https://digital.gov/resources/content-management-systems-used-by-government-agencies/
 [warning] Removed disallowed AI output URL: https://www.london.gov.uk/
 [warning] Removed disallowed AI output URL: http://www.gouvernement.fr/
 [warning] Removed disallowed AI output URL: http://www.bbc.com/
 [warning] Removed disallowed AI output URL: http://www.nbc.com/
 [warning] Removed disallowed AI output URL: http://www.mtv.co.uk/
 [warning] Removed disallowed AI output URL: http://www.amnesty.org/
 [warning] Removed disallowed AI output URL: http://www.ox.ac.uk/
 [warning] Removed disallowed AI output URL: https://www.drupal.org/case-studies
 [warning] Removed disallowed AI output URL: http://localize.drupal.org/
 [warning] Removed disallowed AI output URL: https://jobs.drupal.org/
 [warning] Cross-iteration data read on pipeline 234: job 2332 (node message_assemble.1, iteration 2) is satisfied by source node conversation_buffer.4 (job 2314, iteration 0) — an OLDER iteration than the consumer. Delivery is not gated (BR-6); logged for observability only.
  bench_5a_react_agent_naive small r1  completed    48.7s   3 calls  in=34760   out=2272   $0.13836
  bench_1_reference        medium r1  completed     1.5s   0 calls  in=0       out=0      $0.00000
 [warning] Removed disallowed Markdown link with URL: https://cloud.ibm.com/docs/solution-tutorials?topic=solution-tutorials-lamp-stack-on-vpc
 [warning] Removed disallowed Markdown link with URL: https://www.ibm.com/topics/lamp-stack
 [warning] Removed disallowed Markdown link with URL: https://www.ibm.com/topics/containers
 [warning] Removed disallowed Markdown link with URL: https://www.ibm.com/topics/kubernetes
  bench_2_raw_html_llm     medium r1  completed    53.9s   1 calls  in=59150   out=2060   $0.20835
 [warning] Removed disallowed Markdown link with URL: https://cloud.ibm.com/docs/solution-tutorials?topic=solution-tutorials-lamp-stack-on-vpc
 [warning] Removed disallowed Markdown link with URL: https://www.ibm.com/topics/lamp-stack
 [warning] Removed disallowed Markdown link with URL: https://www.ibm.com/topics/containers
 [warning] Removed disallowed Markdown link with URL: https://www.ibm.com/topics/kubernetes
  bench_3_markdown_llm     medium r1  completed    51.7s   1 calls  in=3502    out=2086   $0.04180
 [warning] Removed disallowed AI output URL: https://cloud.ibm.com/docs/solution-tutorials?topic=solution-tutorials-lamp-stack-on-vpc
 [warning] Removed disallowed AI output URL: https://www.ibm.com/topics/lamp-stack
 [warning] Removed disallowed AI output URL: https://www.ibm.com/topics/containers
 [warning] Removed disallowed AI output URL: https://www.ibm.com/topics/kubernetes
 [warning] Removed disallowed AI output URL: https://www.ibm.com/account/reg/signup?formid=urx-52060
 [warning] Removed disallowed AI output URL: https://www.ibm.com/products/cloud-pak-for-business-automation/content-services
 [warning] Removed disallowed AI output URL: https://www.ibm.com/products/filenet-content-manager
 [warning] Removed disallowed AI output URL: https://www.ibm.com/products/enterprise-records
 [warning] Removed disallowed AI output URL: https://www.ibm.com/consulting/hybrid-by-design
 [warning] Removed disallowed AI output URL: https://www.ibm.com/products/cloud-pak-for-business-automation/content-services
 [warning] Removed disallowed AI output URL: https://www.ibm.com/products/content-manager
 [warning] Removed disallowed AI output URL: https://www.ibm.com/products/ecm-system-monitor
 [warning] Removed disallowed AI output URL: https://www.ibm.com/solutions/enterprise-content-management
 [warning] Removed disallowed AI output URL: https://www.ibm.com/account/reg/signup?formid=urx-45706
  bench_4_ai_agent_tool    medium r1  completed   110.7s   2 calls  in=124193  out=5189   $0.45041
 [warning] Cross-iteration data read on pipeline 241: job 2364 (node message_assemble.1, iteration 1) is satisfied by source node conversation_buffer.4 (job 2359, iteration 0) — an OLDER iteration than the consumer. Delivery is not gated (BR-6); logged for observability only.
 [warning] Removed disallowed AI output URL: https://www.ibm.com/think/cloud
 [warning] Removed disallowed AI output URL: https://cloud.ibm.com/docs/solution-tutorials?topic=solution-tutorials-lamp-stack-on-vpc
 [warning] Removed disallowed AI output URL: https://www.ibm.com/topics/lamp-stack
 [warning] Removed disallowed AI output URL: https://www.ibm.com/topics/containers
 [warning] Removed disallowed AI output URL: https://www.ibm.com/topics/kubernetes
 [warning] Removed disallowed AI output URL: https://www.ibm.com/products/cloud-pak-for-business-automation/content-services
 [warning] Removed disallowed AI output URL: https://www.ibm.com/products/content-manager
 [warning] Removed disallowed AI output URL: https://www.ibm.com/products/ecm-system-monitor
 [warning] Removed disallowed AI output URL: https://www.ibm.com/solutions/enterprise-content-management
 [warning] Removed disallowed AI output URL: https://www.ibm.com/account/reg/signup?formid=urx-45706
 [warning] Cross-iteration data read on pipeline 241: job 2376 (node message_assemble.1, iteration 2) is satisfied by source node conversation_buffer.4 (job 2359, iteration 0) — an OLDER iteration than the consumer. Delivery is not gated (BR-6); logged for observability only.
 [warning] Removed disallowed Markdown link with URL: https://cloud.ibm.com/docs/solution-tutorials?topic=solution-tutorials-lamp-stack-on-vpc
 [warning] Removed disallowed Markdown link with URL: https://www.ibm.com/topics/lamp-stack
 [warning] Removed disallowed Markdown link with URL: https://www.ibm.com/topics/containers
 [warning] Removed disallowed Markdown link with URL: https://www.ibm.com/topics/kubernetes
  bench_5_react_agent      medium r1  completed   154.9s   3 calls  in=141783  out=6523   $0.52319
 [warning] Cross-iteration data read on pipeline 244: job 2395 (node message_assemble.1, iteration 1) is satisfied by source node conversation_buffer.4 (job 2390, iteration 0) — an OLDER iteration than the consumer. Delivery is not gated (BR-6); logged for observability only.
 [warning] Removed disallowed AI output URL: https://cloud.ibm.com/docs/solution-tutorials?topic=solution-tutorials-lamp-stack-on-vpc
 [warning] Removed disallowed AI output URL: https://www.ibm.com/topics/lamp-stack
 [warning] Removed disallowed AI output URL: https://www.ibm.com/topics/containers
 [warning] Removed disallowed AI output URL: https://www.ibm.com/topics/kubernetes
 [warning] Cross-iteration data read on pipeline 244: job 2407 (node message_assemble.1, iteration 2) is satisfied by source node conversation_buffer.4 (job 2390, iteration 0) — an OLDER iteration than the consumer. Delivery is not gated (BR-6); logged for observability only.
  bench_5a_react_agent_naive medium r1  completed   108.5s   3 calls  in=140203  out=4829   $0.49304
  bench_1_reference        large r1  completed     3.1s   0 calls  in=0       out=0      $0.00000
 [warning] Drush command terminated abnormally.
